ASxxxx Linker V03.00 + NoICE + sdld,  page 1.
Hexadecimal  [32-Bits]

Area                       Addr        Size        Decimal Bytes (Attributes)
--------------------       ----        ----        ------- ----- ------------
.  .ABS.               00000000    00000000 =           0. bytes (ABS,CON)

        Value  Global            Value  Global            Value  Global    
        -----  ------            -----  ------            -----  ------    
     00000000  .__.ABS.  |    00000000  l__CABS   |    00000000  l__CODE_0
     00000000  l__DABS   |    00000000  l__HEADER |    00000000  l__HRAM  
     00000000  l__INITIA |    00000000  l__INITIA |    00000000  l__LIT   
     00000000  l__SFR    |    00000000  s__CABS   |    00000000  s__DABS  
     00000000  s__HEADER |    00000000  s__HEADER |    00000000  s__HEADER
     00000000  s__HEADER |    00000000  s__HEADER |    00000000  s__HEADER
     00000000  s__HEADER |    00000000  s__HEADER |    00000000  s__HEADER
     00000000  s__HEADER |    00000000  s__HEADER |    00000000  s__HEADER
     00000000  s__HEADER |    00000000  s__HEADER |    00000000  s__HEADER
     00000000  s__HEADER |    00000000  s__HEADER |    00000000  s__HEADER
     00000000  s__HEADER |    00000000  s__HRAM   |    00000000  s__HRAM12
     00000000  s__SFR    |    00000000  s__SFR0   |    00000000  s__SFR1  
     00000000  s__SFR10  |    00000000  s__SFR11  |    00000000  s__SFR12 
     00000000  s__SFR13  |    00000000  s__SFR14  |    00000000  s__SFR15 
     00000000  s__SFR16  |    00000000  s__SFR17  |    00000000  s__SFR18 
     00000000  s__SFR19  |    00000000  s__SFR1a  |    00000000  s__SFR1b 
     00000000  s__SFR1c  |    00000000  s__SFR1d  |    00000000  s__SFR1e 
     00000000  s__SFR1f  |    00000000  s__SFR2   |    00000000  s__SFR20 
     00000000  s__SFR21  |    00000000  s__SFR22  |    00000000  s__SFR23 
     00000000  s__SFR24  |    00000000  s__SFR25  |    00000000  s__SFR26 
     00000000  s__SFR27  |    00000000  s__SFR28  |    00000000  s__SFR29 
     00000000  s__SFR2a  |    00000000  s__SFR2b  |    00000000  s__SFR2c 
     00000000  s__SFR2d  |    00000000  s__SFR2e  |    00000000  s__SFR2f 
     00000000  s__SFR3   |    00000000  s__SFR30  |    00000000  s__SFR31 
     00000000  s__SFR32  |    00000000  s__SFR33  |    00000000  s__SFR34 
     00000000  s__SFR35  |    00000000  s__SFR36  |    00000000  s__SFR4  
     00000000  s__SFR5   |    00000000  s__SFR6   |    00000000  s__SFR7  
     00000000  s__SFR8   |    00000000  s__SFR9   |    00000000  s__SFRa  
     00000000  s__SFRb   |    00000000  s__SFRc   |    00000000  s__SFRd  
     00000000  s__SFRe   |    00000000  s__SFRf   |    00000001  l__GSFINA
     00000001  l__HEADER |    00000001  l__HEADER |    00000001  l__HEADER
     00000001  l__HEADER |    00000001  l__HEADER |    00000001  l__HEADER
     00000001  l__HEADER |    00000001  l__HEAP_E |    00000001  l__SFR0  
     00000001  l__SFR1   |    00000001  l__SFR10  |    00000001  l__SFR11 
     00000001  l__SFR12  |    00000001  l__SFR13  |    00000001  l__SFR14 
     00000001  l__SFR15  |    00000001  l__SFR16  |    00000001  l__SFR17 
     00000001  l__SFR18  |    00000001  l__SFR19  |    00000001  l__SFR1a 
     00000001  l__SFR1b  |    00000001  l__SFR1c  |    00000001  l__SFR1d 
     00000001  l__SFR1e  |    00000001  l__SFR1f  |    00000001  l__SFR2  
     00000001  l__SFR20  |    00000001  l__SFR21  |    00000001  l__SFR22 
     00000001  l__SFR23  |    00000001  l__SFR24  |    00000001  l__SFR25 
     00000001  l__SFR26  |    00000001  l__SFR27  |    00000001  l__SFR28 
     00000001  l__SFR29  |    00000001  l__SFR2a  |    00000001  l__SFR2b 
     00000001  l__SFR2c  |    00000001  l__SFR2d  |    00000001  l__SFR2e 
     00000001  l__SFR2f  |    00000001  l__SFR3   |    00000001  l__SFR30 
     00000001  l__SFR31  |    00000001  l__SFR32  |    00000001  l__SFR33 
     00000001  l__SFR34  |    00000001  l__SFR35  |    00000001  l__SFR36 
     00000001  l__SFR4   |    00000001  l__SFR5   |    00000001  l__SFR6  
     00000001  l__SFR7   |    00000001  l__SFR8   |    00000001  l__SFR9  
     00000001  l__SFRa   |    00000001  l__SFRb   |    00000001  l__SFRc  
ASxxxx Linker V03.00 + NoICE + sdld,  page 2.
Hexadecimal  [32-Bits]

Area                       Addr        Size        Decimal Bytes (Attributes)
--------------------       ----        ----        ------- ----- ------------
.  .ABS.               00000000    00000000 =           0. bytes (ABS,CON)

        Value  Global            Value  Global            Value  Global    
        -----  ------            -----  ------            -----  ------    
     00000001  l__SFRd   |    00000001  l__SFRe   |    00000001  l__SFRf  
     00000002  l__HEADER |    00000002  l__HEADER |    00000002  l__HEADER
     00000003  l__HEADER |    00000003  l__HRAM12 |    00000005  l__HEADER
     00000006  l__HEADER |    00000007  l__HEADER |    00000008  l__HEADER
     00000018  l__BSS    |    00000018  l__DATA   |    00000029  l__GSINIT
     0000002C  l__HEADER |    00000030  l__HEADER |    0000006A  l__HOME  
     00000083  l__HEADER |    000000EA  l__BASE   |    00000200  s__CODE  
     000007FF  l__HEAP   |    00000B9B  l__CODE   |    00000D9B  s__HOME  
     00000E05  s__BASE   |    00000EEF  s__CODE_0 |    00000EEF  s__GSINIT
     00000EEF  s__INITIA |    00000EEF  s__LIT    |    00000F18  s__GSFINA
     0000C000  _shadow_O |    0000C0A0  s__DATA   |    0000C0B8  s__BSS   
     0000C0D0  s__HEAP   |    0000C0D0  s__INITIA |    0000C8CF  s__HEAP_E
     0000E000  .STACK    |    0000FF80  .refresh_
ASxxxx Linker V03.00 + NoICE + sdld,  page 3.
Hexadecimal  [32-Bits]

Area                       Addr        Size        Decimal Bytes (Attributes)
--------------------       ----        ----        ------- ----- ------------
_CODE                  00000200    00000B9B =        2971. bytes (REL,CON)

        Value  Global            Value  Global            Value  Global    
        -----  ------            -----  ------            -----  ------    
     00000200  A$lcc1489 |    00000200  C$math.c$ |    00000200  G$divide$
     00000200  _divide   |    00000202  A$lcc1489 |    00000202  C$math.c$
     00000204  A$lcc1489 |    00000205  A$lcc1489 |    00000207  A$lcc1489
     00000208  A$lcc1489 |    0000020A  A$lcc1489 |    0000020B  A$lcc1489
     0000020D  A$lcc1489 |    0000020E  A$lcc1489 |    0000020E  C$math.c$
     00000210  A$lcc1489 |    00000211  A$lcc1489 |    00000212  A$lcc1489
     00000214  A$lcc1489 |    00000214  C$math.c$ |    00000215  A$lcc1489
     00000216  A$lcc1489 |    00000218  A$lcc1489 |    00000218  C$math.c$
     0000021A  A$lcc1489 |    0000021B  A$lcc1489 |    0000021E  A$lcc1489
     0000021F  A$lcc1489 |    00000221  A$lcc1489 |    00000221  C$math.c$
     00000224  A$lcc1489 |    00000226  A$lcc1489 |    00000227  A$lcc1489
     00000228  A$lcc1489 |    00000229  A$lcc1489 |    00000229  C$math.c$
     0000022B  A$lcc1489 |    0000022C  A$lcc1489 |    0000022E  A$lcc1489
     0000022F  A$lcc1489 |    00000230  A$lcc1489 |    00000231  A$lcc1489
     00000234  A$lcc1489 |    00000235  A$lcc1489 |    00000236  A$lcc1489
     00000237  A$lcc1489 |    00000238  A$lcc1489 |    00000239  A$lcc1489
     0000023A  A$lcc1489 |    0000023C  A$lcc1489 |    0000023C  C$math.c$
     0000023F  A$lcc1489 |    00000240  A$lcc1489 |    00000241  A$lcc1489
     00000242  A$lcc1489 |    00000243  A$lcc1489 |    00000245  A$lcc1489
     00000247  A$lcc1489 |    00000248  A$lcc1489 |    00000249  A$lcc1489
     0000024A  A$lcc1489 |    0000024A  C$math.c$ |    0000024D  A$lcc1489
     0000024E  A$lcc1489 |    0000024F  A$lcc1489 |    00000250  A$lcc1489
     00000251  A$lcc1489 |    00000252  A$lcc1489 |    00000253  A$lcc1489
     00000255  A$lcc1489 |    00000256  A$lcc1489 |    00000257  A$lcc1489
     00000259  A$lcc1489 |    00000259  C$math.c$ |    0000025B  A$lcc1489
     0000025C  A$lcc1489 |    0000025D  A$lcc1489 |    00000260  A$lcc1489
     00000261  A$lcc1489 |    00000262  A$lcc1489 |    00000263  A$lcc1489
     00000264  A$lcc1489 |    00000265  A$lcc1489 |    00000266  A$lcc1489
     00000268  A$lcc1489 |    00000268  C$math.c$ |    0000026A  A$lcc1489
     0000026B  A$lcc1489 |    0000026D  A$lcc1489 |    00000270  A$lcc1489
     00000271  A$lcc1489 |    00000272  A$lcc1489 |    00000273  A$lcc1489
     00000274  A$lcc1489 |    00000275  A$lcc1489 |    00000276  A$lcc1489
     00000277  A$lcc1489 |    00000278  A$lcc1489 |    00000279  A$lcc1489
     0000027A  A$lcc1489 |    0000027B  A$lcc1489 |    0000027C  A$lcc1489
     0000027D  A$lcc1489 |    0000027D  C$math.c$ |    00000280  A$lcc1489
     00000281  A$lcc1489 |    00000282  A$lcc1489 |    00000283  A$lcc1489
     00000284  A$lcc1489 |    00000285  A$lcc1489 |    00000286  A$lcc1489
     00000287  A$lcc1489 |    00000288  A$lcc1489 |    0000028A  A$lcc1489
     0000028A  C$math.c$ |    0000028D  A$lcc1489 |    0000028E  A$lcc1489
     0000028F  A$lcc1489 |    00000290  A$lcc1489 |    00000291  A$lcc1489
     00000293  A$lcc1489 |    00000293  C$math.c$ |    00000293  XG$divide
     00000294  G$resolut |    00000294  _resoluti |    00000295  A$lcc1489
     00000295  C$math.c$ |    00000295  C$math.c$ |    00000295  G$getangl
     00000295  _getangle |    00000297  A$lcc1489 |    00000298  A$lcc1489
     00000299  A$lcc1489 |    0000029A  A$lcc1489 |    0000029A  C$math.c$
     0000029C  A$lcc1489 |    0000029D  A$lcc1489 |    0000029E  A$lcc1489
     000002A0  A$lcc1489 |    000002A0  C$math.c$ |    000002A2  A$lcc1489
     000002A3  A$lcc1489 |    000002A3  C$math.c$ |    000002A4  A$lcc1489
     000002A4  C$math.c$ |    000002A6  A$lcc1489 |    000002A7  A$lcc1489
     000002A8  A$lcc1489 |    000002AA  A$lcc1489 |    000002AA  C$math.c$
ASxxxx Linker V03.00 + NoICE + sdld,  page 4.
Hexadecimal  [32-Bits]

Area                       Addr        Size        Decimal Bytes (Attributes)
--------------------       ----        ----        ------- ----- ------------
_CODE                  00000200    00000B9B =        2971. bytes (REL,CON)

        Value  Global            Value  Global            Value  Global    
        -----  ------            -----  ------            -----  ------    
     000002AC  A$lcc1489 |    000002AD  A$lcc1489 |    000002AD  C$math.c$
     000002AE  A$lcc1489 |    000002AE  C$math.c$ |    000002B0  A$lcc1489
     000002B1  A$lcc1489 |    000002B1  C$math.c$ |    000002B2  A$lcc1489
     000002B4  A$lcc1489 |    000002B5  A$lcc1489 |    000002B5  C$math.c$
     000002B6  A$lcc1489 |    000002B9  A$lcc1489 |    000002BA  A$lcc1489
     000002BA  C$math.c$ |    000002BC  A$lcc1489 |    000002BD  A$lcc1489
     000002BE  A$lcc1489 |    000002C0  A$lcc1489 |    000002C0  C$math.c$
     000002C1  A$lcc1489 |    000002C2  A$lcc1489 |    000002C3  A$lcc1489
     000002C4  A$lcc1489 |    000002C7  A$lcc1489 |    000002C8  A$lcc1489
     000002C9  A$lcc1489 |    000002CC  A$lcc1489 |    000002CD  A$lcc1489
     000002CE  A$lcc1489 |    000002CE  C$math.c$ |    000002CF  A$lcc1489
     000002D0  A$lcc1489 |    000002D1  A$lcc1489 |    000002D2  A$lcc1489
     000002D5  A$lcc1489 |    000002D6  A$lcc1489 |    000002D7  A$lcc1489
     000002D8  A$lcc1489 |    000002D9  A$lcc1489 |    000002DB  A$lcc1489
     000002DC  A$lcc1489 |    000002DD  A$lcc1489 |    000002DE  A$lcc1489
     000002DF  A$lcc1489 |    000002E0  A$lcc1489 |    000002E3  A$lcc1489
     000002E5  A$lcc1489 |    000002E6  A$lcc1489 |    000002E8  A$lcc1489
     000002E8  C$math.c$ |    000002E9  A$lcc1489 |    000002EA  A$lcc1489
     000002EB  A$lcc1489 |    000002ED  A$lcc1489 |    000002EE  A$lcc1489
     000002EF  A$lcc1489 |    000002F0  A$lcc1489 |    000002F3  A$lcc1489
     000002F4  A$lcc1489 |    000002F5  A$lcc1489 |    000002F8  A$lcc1489
     000002F9  A$lcc1489 |    000002FA  A$lcc1489 |    000002FA  C$math.c$
     000002FB  A$lcc1489 |    000002FC  A$lcc1489 |    000002FD  A$lcc1489
     000002FE  A$lcc1489 |    00000301  A$lcc1489 |    00000302  A$lcc1489
     00000303  A$lcc1489 |    00000304  A$lcc1489 |    00000305  A$lcc1489
     00000306  A$lcc1489 |    00000307  A$lcc1489 |    00000309  A$lcc1489
     0000030A  A$lcc1489 |    0000030B  A$lcc1489 |    0000030C  A$lcc1489
     0000030F  A$lcc1489 |    00000311  A$lcc1489 |    00000312  A$lcc1489
     00000312  C$math.c$ |    00000315  A$lcc1489 |    00000316  A$lcc1489
     00000317  A$lcc1489 |    00000318  A$lcc1489 |    00000319  A$lcc1489
     0000031A  A$lcc1489 |    0000031C  A$lcc1489 |    0000031D  A$lcc1489
     0000031E  A$lcc1489 |    0000031E  C$math.c$ |    00000321  A$lcc1489
     00000322  A$lcc1489 |    00000323  A$lcc1489 |    00000324  A$lcc1489
     00000325  A$lcc1489 |    00000326  A$lcc1489 |    00000326  C$math.c$
     00000326  XG$getang |    00000327  A$lcc1489 |    00000327  C$math.c$
     00000327  G$getvect |    00000327  _getvecto |    00000329  A$lcc1489
     0000032B  A$lcc1489 |    0000032C  A$lcc1489 |    0000032E  A$lcc1489
     0000032F  A$lcc1489 |    00000331  A$lcc1489 |    00000332  A$lcc1489
     00000334  A$lcc1489 |    00000335  A$lcc1489 |    00000336  A$lcc1489
     00000337  A$lcc1489 |    00000338  A$lcc1489 |    00000339  A$lcc1489
     0000033A  A$lcc1489 |    0000033B  A$lcc1489 |    0000033C  A$lcc1489
     0000033D  A$lcc1489 |    0000033E  A$lcc1489 |    0000033F  A$lcc1489
     0000033F  C$math.c$ |    00000341  A$lcc1489 |    00000342  A$lcc1489
     00000344  A$lcc1489 |    00000345  A$lcc1489 |    00000347  A$lcc1489
     00000348  A$lcc1489 |    0000034A  A$lcc1489 |    0000034A  C$math.c$
     0000034B  A$lcc1489 |    0000034C  A$lcc1489 |    0000034D  A$lcc1489
     0000034E  A$lcc1489 |    0000034F  A$lcc1489 |    00000350  A$lcc1489
     00000351  A$lcc1489 |    00000352  A$lcc1489 |    00000353  A$lcc1489
     00000355  A$lcc1489 |    00000356  A$lcc1489 |    00000357  A$lcc1489
     00000358  A$lcc1489 |    0000035A  A$lcc1489 |    0000035B  A$lcc1489
     0000035B  C$math.c$ |    0000035D  A$lcc1489 |    0000035E  A$lcc1489
ASxxxx Linker V03.00 + NoICE + sdld,  page 5.
Hexadecimal  [32-Bits]

Area                       Addr        Size        Decimal Bytes (Attributes)
--------------------       ----        ----        ------- ----- ------------
_CODE                  00000200    00000B9B =        2971. bytes (REL,CON)

        Value  Global            Value  Global            Value  Global    
        -----  ------            -----  ------            -----  ------    
     00000360  A$lcc1489 |    00000361  A$lcc1489 |    00000363  A$lcc1489
     00000363  C$math.c$ |    00000365  A$lcc1489 |    00000366  A$lcc1489
     00000368  A$lcc1489 |    00000369  A$lcc1489 |    0000036B  A$lcc1489
     0000036B  C$math.c$ |    0000036E  A$lcc1489 |    00000370  A$lcc1489
     00000371  A$lcc1489 |    00000372  A$lcc1489 |    00000373  A$lcc1489
     00000374  A$lcc1489 |    00000375  A$lcc1489 |    00000376  A$lcc1489
     00000377  A$lcc1489 |    00000378  A$lcc1489 |    00000379  A$lcc1489
     0000037A  A$lcc1489 |    0000037B  A$lcc1489 |    0000037C  A$lcc1489
     0000037D  A$lcc1489 |    0000037E  A$lcc1489 |    0000037F  A$lcc1489
     00000381  A$lcc1489 |    00000382  A$lcc1489 |    00000383  A$lcc1489
     00000384  A$lcc1489 |    00000385  A$lcc1489 |    00000386  A$lcc1489
     00000387  A$lcc1489 |    00000387  C$math.c$ |    00000388  A$lcc1489
     00000389  A$lcc1489 |    0000038A  A$lcc1489 |    0000038B  A$lcc1489
     0000038C  A$lcc1489 |    0000038D  A$lcc1489 |    0000038E  A$lcc1489
     0000038F  A$lcc1489 |    00000390  A$lcc1489 |    00000391  A$lcc1489
     00000392  A$lcc1489 |    00000393  A$lcc1489 |    00000394  A$lcc1489
     00000395  A$lcc1489 |    00000396  A$lcc1489 |    00000397  A$lcc1489
     00000398  A$lcc1489 |    00000399  A$lcc1489 |    0000039A  A$lcc1489
     0000039B  A$lcc1489 |    0000039D  A$lcc1489 |    0000039E  A$lcc1489
     0000039F  A$lcc1489 |    000003A0  A$lcc1489 |    000003A1  A$lcc1489
     000003A4  A$lcc1489 |    000003A4  C$math.c$ |    000003A5  A$lcc1489
     000003A7  A$lcc1489 |    000003A8  A$lcc1489 |    000003A9  A$lcc1489
     000003AB  A$lcc1489 |    000003AC  A$lcc1489 |    000003AD  A$lcc1489
     000003AE  A$lcc1489 |    000003AF  A$lcc1489 |    000003B0  A$lcc1489
     000003B1  A$lcc1489 |    000003B1  C$math.c$ |    000003B2  A$lcc1489
     000003B3  A$lcc1489 |    000003B4  A$lcc1489 |    000003B5  A$lcc1489
     000003B6  A$lcc1489 |    000003B7  A$lcc1489 |    000003B8  A$lcc1489
     000003B9  A$lcc1489 |    000003BA  A$lcc1489 |    000003BB  A$lcc1489
     000003BD  A$lcc1489 |    000003BE  A$lcc1489 |    000003BF  A$lcc1489
     000003C1  A$lcc1489 |    000003C2  A$lcc1489 |    000003C3  A$lcc1489
     000003C4  A$lcc1489 |    000003C5  A$lcc1489 |    000003C6  A$lcc1489
     000003C8  A$lcc1489 |    000003C9  A$lcc1489 |    000003CA  A$lcc1489
     000003CB  A$lcc1489 |    000003CC  A$lcc1489 |    000003CD  A$lcc1489
     000003CE  A$lcc1489 |    000003CE  C$math.c$ |    000003CF  A$lcc1489
     000003D0  A$lcc1489 |    000003D1  A$lcc1489 |    000003D3  A$lcc1489
     000003D4  A$lcc1489 |    000003D5  A$lcc1489 |    000003D6  A$lcc1489
     000003D7  A$lcc1489 |    000003DA  A$lcc1489 |    000003DA  C$math.c$
     000003DC  A$lcc1489 |    000003DD  A$lcc1489 |    000003DF  A$lcc1489
     000003E0  A$lcc1489 |    000003E2  A$lcc1489 |    000003E2  C$math.c$
     000003E4  A$lcc1489 |    000003E5  A$lcc1489 |    000003E7  A$lcc1489
     000003E8  A$lcc1489 |    000003EA  A$lcc1489 |    000003EA  C$math.c$
     000003EB  A$lcc1489 |    000003ED  A$lcc1489 |    000003EE  A$lcc1489
     000003EF  A$lcc1489 |    000003F1  A$lcc1489 |    000003F2  A$lcc1489
     000003F3  A$lcc1489 |    000003F4  A$lcc1489 |    000003F5  A$lcc1489
     000003F6  A$lcc1489 |    000003F7  A$lcc1489 |    000003F7  C$math.c$
     000003F8  A$lcc1489 |    000003F9  A$lcc1489 |    000003FA  A$lcc1489
     000003FB  A$lcc1489 |    000003FC  A$lcc1489 |    000003FD  A$lcc1489
     000003FE  A$lcc1489 |    000003FF  A$lcc1489 |    00000400  A$lcc1489
     00000401  A$lcc1489 |    00000404  A$lcc1489 |    00000405  A$lcc1489
     00000406  A$lcc1489 |    00000407  A$lcc1489 |    00000408  A$lcc1489
     00000409  A$lcc1489 |    0000040A  A$lcc1489 |    0000040B  A$lcc1489
ASxxxx Linker V03.00 + NoICE + sdld,  page 6.
Hexadecimal  [32-Bits]

Area                       Addr        Size        Decimal Bytes (Attributes)
--------------------       ----        ----        ------- ----- ------------
_CODE                  00000200    00000B9B =        2971. bytes (REL,CON)

        Value  Global            Value  Global            Value  Global    
        -----  ------            -----  ------            -----  ------    
     0000040D  A$lcc1489 |    0000040E  A$lcc1489 |    0000040F  A$lcc1489
     00000410  A$lcc1489 |    00000411  A$lcc1489 |    00000412  A$lcc1489
     00000413  A$lcc1489 |    00000414  A$lcc1489 |    00000415  A$lcc1489
     00000415  C$math.c$ |    00000416  A$lcc1489 |    00000417  A$lcc1489
     00000419  A$lcc1489 |    0000041A  A$lcc1489 |    0000041B  A$lcc1489
     0000041C  A$lcc1489 |    0000041D  A$lcc1489 |    00000420  A$lcc1489
     00000420  C$math.c$ |    00000421  A$lcc1489 |    00000423  A$lcc1489
     00000424  A$lcc1489 |    00000425  A$lcc1489 |    00000427  A$lcc1489
     00000428  A$lcc1489 |    00000429  A$lcc1489 |    0000042A  A$lcc1489
     0000042B  A$lcc1489 |    0000042C  A$lcc1489 |    0000042D  A$lcc1489
     0000042D  C$math.c$ |    0000042E  A$lcc1489 |    0000042F  A$lcc1489
     00000430  A$lcc1489 |    00000431  A$lcc1489 |    00000432  A$lcc1489
     00000433  A$lcc1489 |    00000434  A$lcc1489 |    00000435  A$lcc1489
     00000436  A$lcc1489 |    00000437  A$lcc1489 |    0000043A  A$lcc1489
     0000043B  A$lcc1489 |    0000043C  A$lcc1489 |    0000043D  A$lcc1489
     0000043E  A$lcc1489 |    0000043F  A$lcc1489 |    00000440  A$lcc1489
     00000441  A$lcc1489 |    00000443  A$lcc1489 |    00000444  A$lcc1489
     00000445  A$lcc1489 |    00000446  A$lcc1489 |    00000447  A$lcc1489
     00000448  A$lcc1489 |    00000449  A$lcc1489 |    0000044A  A$lcc1489
     0000044B  A$lcc1489 |    0000044B  C$math.c$ |    0000044C  A$lcc1489
     0000044D  A$lcc1489 |    0000044E  A$lcc1489 |    00000450  A$lcc1489
     00000451  A$lcc1489 |    00000452  A$lcc1489 |    00000453  A$lcc1489
     00000454  A$lcc1489 |    00000457  A$lcc1489 |    00000457  C$math.c$
     00000459  A$lcc1489 |    0000045A  A$lcc1489 |    0000045C  A$lcc1489
     0000045D  A$lcc1489 |    0000045F  A$lcc1489 |    0000045F  C$math.c$
     00000461  A$lcc1489 |    00000462  A$lcc1489 |    00000464  A$lcc1489
     00000465  A$lcc1489 |    00000467  A$lcc1489 |    00000467  C$math.c$
     00000468  A$lcc1489 |    0000046A  A$lcc1489 |    0000046B  A$lcc1489
     0000046C  A$lcc1489 |    0000046E  A$lcc1489 |    0000046F  A$lcc1489
     00000470  A$lcc1489 |    00000471  A$lcc1489 |    00000472  A$lcc1489
     00000473  A$lcc1489 |    00000474  A$lcc1489 |    00000474  C$math.c$
     00000475  A$lcc1489 |    00000476  A$lcc1489 |    00000477  A$lcc1489
     00000478  A$lcc1489 |    00000479  A$lcc1489 |    0000047A  A$lcc1489
     0000047B  A$lcc1489 |    0000047C  A$lcc1489 |    0000047D  A$lcc1489
     0000047E  A$lcc1489 |    00000481  A$lcc1489 |    00000482  A$lcc1489
     00000483  A$lcc1489 |    00000484  A$lcc1489 |    00000485  A$lcc1489
     00000486  A$lcc1489 |    00000487  A$lcc1489 |    00000488  A$lcc1489
     0000048A  A$lcc1489 |    0000048B  A$lcc1489 |    0000048C  A$lcc1489
     0000048D  A$lcc1489 |    0000048E  A$lcc1489 |    0000048F  A$lcc1489
     00000490  A$lcc1489 |    00000491  A$lcc1489 |    00000492  A$lcc1489
     00000492  C$math.c$ |    00000493  A$lcc1489 |    00000494  A$lcc1489
     00000495  A$lcc1489 |    00000496  A$lcc1489 |    00000497  A$lcc1489
     00000498  A$lcc1489 |    0000049A  A$lcc1489 |    0000049B  A$lcc1489
     0000049C  A$lcc1489 |    0000049D  A$lcc1489 |    0000049E  A$lcc1489
     000004A1  A$lcc1489 |    000004A1  C$math.c$ |    000004A2  A$lcc1489
     000004A4  A$lcc1489 |    000004A5  A$lcc1489 |    000004A6  A$lcc1489
     000004A8  A$lcc1489 |    000004A9  A$lcc1489 |    000004AA  A$lcc1489
     000004AB  A$lcc1489 |    000004AC  A$lcc1489 |    000004AD  A$lcc1489
     000004AE  A$lcc1489 |    000004AE  C$math.c$ |    000004AF  A$lcc1489
     000004B0  A$lcc1489 |    000004B1  A$lcc1489 |    000004B2  A$lcc1489
     000004B3  A$lcc1489 |    000004B4  A$lcc1489 |    000004B5  A$lcc1489
ASxxxx Linker V03.00 + NoICE + sdld,  page 7.
Hexadecimal  [32-Bits]

Area                       Addr        Size        Decimal Bytes (Attributes)
--------------------       ----        ----        ------- ----- ------------
_CODE                  00000200    00000B9B =        2971. bytes (REL,CON)

        Value  Global            Value  Global            Value  Global    
        -----  ------            -----  ------            -----  ------    
     000004B6  A$lcc1489 |    000004B7  A$lcc1489 |    000004B8  A$lcc1489
     000004BB  A$lcc1489 |    000004BC  A$lcc1489 |    000004BD  A$lcc1489
     000004BE  A$lcc1489 |    000004BF  A$lcc1489 |    000004C0  A$lcc1489
     000004C1  A$lcc1489 |    000004C2  A$lcc1489 |    000004C4  A$lcc1489
     000004C5  A$lcc1489 |    000004C6  A$lcc1489 |    000004C7  A$lcc1489
     000004C8  A$lcc1489 |    000004C9  A$lcc1489 |    000004CA  A$lcc1489
     000004CB  A$lcc1489 |    000004CC  A$lcc1489 |    000004CC  C$math.c$
     000004CD  A$lcc1489 |    000004CE  A$lcc1489 |    000004CF  A$lcc1489
     000004D0  A$lcc1489 |    000004D1  A$lcc1489 |    000004D3  A$lcc1489
     000004D4  A$lcc1489 |    000004D5  A$lcc1489 |    000004D6  A$lcc1489
     000004D7  A$lcc1489 |    000004D9  A$lcc1489 |    000004D9  C$math.c$
     000004DB  A$lcc1489 |    000004DC  A$lcc1489 |    000004DE  A$lcc1489
     000004DF  A$lcc1489 |    000004E1  A$lcc1489 |    000004E1  C$math.c$
     000004E2  A$lcc1489 |    000004E4  A$lcc1489 |    000004E5  A$lcc1489
     000004E6  A$lcc1489 |    000004E8  A$lcc1489 |    000004E9  A$lcc1489
     000004EA  A$lcc1489 |    000004EB  A$lcc1489 |    000004EC  A$lcc1489
     000004ED  A$lcc1489 |    000004EE  A$lcc1489 |    000004EE  C$math.c$
     000004EF  A$lcc1489 |    000004F0  A$lcc1489 |    000004F1  A$lcc1489
     000004F2  A$lcc1489 |    000004F3  A$lcc1489 |    000004F4  A$lcc1489
     000004F5  A$lcc1489 |    000004F6  A$lcc1489 |    000004F7  A$lcc1489
     000004F8  A$lcc1489 |    000004FA  A$lcc1489 |    000004FB  A$lcc1489
     000004FC  A$lcc1489 |    000004FE  A$lcc1489 |    000004FF  A$lcc1489
     00000500  A$lcc1489 |    00000501  A$lcc1489 |    00000502  A$lcc1489
     00000503  A$lcc1489 |    00000505  A$lcc1489 |    00000506  A$lcc1489
     00000507  A$lcc1489 |    00000508  A$lcc1489 |    00000509  A$lcc1489
     0000050A  A$lcc1489 |    0000050B  A$lcc1489 |    0000050B  C$math.c$
     0000050C  A$lcc1489 |    0000050D  A$lcc1489 |    0000050E  A$lcc1489
     0000050F  A$lcc1489 |    00000510  A$lcc1489 |    00000511  A$lcc1489
     00000513  A$lcc1489 |    00000514  A$lcc1489 |    00000515  A$lcc1489
     00000516  A$lcc1489 |    00000517  A$lcc1489 |    00000519  A$lcc1489
     00000519  C$math.c$ |    0000051A  A$lcc1489 |    0000051C  A$lcc1489
     0000051D  A$lcc1489 |    0000051E  A$lcc1489 |    00000520  A$lcc1489
     00000521  A$lcc1489 |    00000522  A$lcc1489 |    00000523  A$lcc1489
     00000524  A$lcc1489 |    00000525  A$lcc1489 |    00000526  A$lcc1489
     00000526  C$math.c$ |    00000527  A$lcc1489 |    00000528  A$lcc1489
     00000529  A$lcc1489 |    0000052A  A$lcc1489 |    0000052B  A$lcc1489
     0000052C  A$lcc1489 |    0000052D  A$lcc1489 |    0000052E  A$lcc1489
     0000052F  A$lcc1489 |    00000530  A$lcc1489 |    00000532  A$lcc1489
     00000533  A$lcc1489 |    00000534  A$lcc1489 |    00000536  A$lcc1489
     00000537  A$lcc1489 |    00000538  A$lcc1489 |    00000539  A$lcc1489
     0000053A  A$lcc1489 |    0000053B  A$lcc1489 |    0000053D  A$lcc1489
     0000053E  A$lcc1489 |    0000053F  A$lcc1489 |    00000540  A$lcc1489
     00000541  A$lcc1489 |    00000542  A$lcc1489 |    00000543  A$lcc1489
     00000543  C$math.c$ |    00000544  A$lcc1489 |    00000545  A$lcc1489
     00000546  A$lcc1489 |    00000547  A$lcc1489 |    00000548  A$lcc1489
     00000549  A$lcc1489 |    0000054B  A$lcc1489 |    0000054C  A$lcc1489
     0000054D  A$lcc1489 |    0000054E  A$lcc1489 |    0000054F  A$lcc1489
     00000551  A$lcc1489 |    00000551  C$math.c$ |    00000551  XG$getvec
     00000552  A$lcc1489 |    00000552  C$main.c$ |    00000552  G$main$0$
     00000552  _main     |    00000554  A$lcc1489 |    00000554  C$main.c$
     00000557  A$lcc1489 |    00000559  A$lcc1489 |    00000559  C$main.c$
ASxxxx Linker V03.00 + NoICE + sdld,  page 8.
Hexadecimal  [32-Bits]

Area                       Addr        Size        Decimal Bytes (Attributes)
--------------------       ----        ----        ------- ----- ------------
_CODE                  00000200    00000B9B =        2971. bytes (REL,CON)

        Value  Global            Value  Global            Value  Global    
        -----  ------            -----  ------            -----  ------    
     0000055C  A$lcc1489 |    0000055E  A$lcc1489 |    0000055F  A$lcc1489
     00000561  A$lcc1489 |    00000561  C$main.c$ |    00000564  A$lcc1489
     00000566  A$lcc1489 |    00000566  C$main.c$ |    00000569  A$lcc1489
     0000056B  A$lcc1489 |    0000056B  C$main.c$ |    0000056E  A$lcc1489
     00000570  A$lcc1489 |    00000570  C$main.c$ |    00000572  A$lcc1489
     00000574  A$lcc1489 |    00000576  A$lcc1489 |    00000576  C$main.c$
     00000579  A$lcc1489 |    0000057A  A$lcc1489 |    0000057D  A$lcc1489
     0000057E  A$lcc1489 |    00000581  A$lcc1489 |    00000583  A$lcc1489
     00000583  C$main.c$ |    00000586  A$lcc1489 |    00000587  A$lcc1489
     0000058A  A$lcc1489 |    0000058B  A$lcc1489 |    0000058C  A$lcc1489
     0000058D  A$lcc1489 |    0000058E  A$lcc1489 |    00000591  A$lcc1489
     00000593  A$lcc1489 |    00000593  C$main.c$ |    00000595  A$lcc1489
     00000596  A$lcc1489 |    00000597  A$lcc1489 |    00000599  A$lcc1489
     00000599  C$main.c$ |    0000059A  A$lcc1489 |    0000059C  A$lcc1489
     0000059D  A$lcc1489 |    0000059D  C$main.c$ |    0000059F  A$lcc1489
     000005A0  A$lcc1489 |    000005A1  A$lcc1489 |    000005A2  A$lcc1489
     000005A3  A$lcc1489 |    000005A4  A$lcc1489 |    000005A5  A$lcc1489
     000005A7  A$lcc1489 |    000005A8  A$lcc1489 |    000005A8  C$main.c$
     000005AB  A$lcc1489 |    000005AC  A$lcc1489 |    000005AE  A$lcc1489
     000005AE  C$main.c$ |    000005B1  A$lcc1489 |    000005B2  A$lcc1489
     000005B4  A$lcc1489 |    000005B4  C$main.c$ |    000005B5  A$lcc1489
     000005B6  A$lcc1489 |    000005B7  A$lcc1489 |    000005B8  A$lcc1489
     000005B9  A$lcc1489 |    000005BA  A$lcc1489 |    000005BC  A$lcc1489
     000005BD  A$lcc1489 |    000005BF  A$lcc1489 |    000005C1  A$lcc1489
     000005C2  A$lcc1489 |    000005C3  A$lcc1489 |    000005C4  A$lcc1489
     000005C7  A$lcc1489 |    000005C8  A$lcc1489 |    000005C9  A$lcc1489
     000005CA  A$lcc1489 |    000005CB  A$lcc1489 |    000005CC  A$lcc1489
     000005CD  A$lcc1489 |    000005CD  C$main.c$ |    000005CE  A$lcc1489
     000005D1  A$lcc1489 |    000005D2  A$lcc1489 |    000005D2  C$main.c$
     000005D2  C$main.c$ |    000005D5  A$lcc1489 |    000005D7  A$lcc1489
     000005D9  A$lcc1489 |    000005D9  C$main.c$ |    000005D9  XG$main$0
     000005DA  G$TILESET |    000005DA  _TILESET  |    000008BA  A$lcc1489
     000008BA  C$ellipse |    000008BA  G$Calcula |    000008BA  _Calculat
     000008BC  A$lcc1489 |    000008BF  A$lcc1489 |    000008C1  A$lcc1489
     000008C3  A$lcc1489 |    000008C4  A$lcc1489 |    000008C6  A$lcc1489
     000008C7  A$lcc1489 |    000008C9  A$lcc1489 |    000008CA  A$lcc1489
     000008CC  A$lcc1489 |    000008CD  A$lcc1489 |    000008CE  A$lcc1489
     000008CF  A$lcc1489 |    000008D2  A$lcc1489 |    000008D3  A$lcc1489
     000008D4  A$lcc1489 |    000008D5  A$lcc1489 |    000008D7  A$lcc1489
     000008D8  A$lcc1489 |    000008D9  A$lcc1489 |    000008DA  A$lcc1489
     000008DC  A$lcc1489 |    000008DD  A$lcc1489 |    000008DF  A$lcc1489
     000008E0  A$lcc1489 |    000008E1  A$lcc1489 |    000008E2  A$lcc1489
     000008E3  A$lcc1489 |    000008E4  A$lcc1489 |    000008E5  A$lcc1489
     000008E5  C$ellipse |    000008E6  A$lcc1489 |    000008E7  A$lcc1489
     000008EA  A$lcc1489 |    000008EB  A$lcc1489 |    000008EC  A$lcc1489
     000008ED  A$lcc1489 |    000008EF  A$lcc1489 |    000008F0  A$lcc1489
     000008F1  A$lcc1489 |    000008F2  A$lcc1489 |    000008F4  A$lcc1489
     000008F5  A$lcc1489 |    000008F8  A$lcc1489 |    000008FA  A$lcc1489
     000008FB  A$lcc1489 |    000008FD  A$lcc1489 |    000008FD  C$ellipse
     00000900  A$lcc1489 |    00000901  A$lcc1489 |    00000903  A$lcc1489
     00000904  A$lcc1489 |    00000905  A$lcc1489 |    00000906  A$lcc1489
ASxxxx Linker V03.00 + NoICE + sdld,  page 9.
Hexadecimal  [32-Bits]

Area                       Addr        Size        Decimal Bytes (Attributes)
--------------------       ----        ----        ------- ----- ------------
_CODE                  00000200    00000B9B =        2971. bytes (REL,CON)

        Value  Global            Value  Global            Value  Global    
        -----  ------            -----  ------            -----  ------    
     00000907  A$lcc1489 |    00000908  A$lcc1489 |    00000909  A$lcc1489
     0000090A  A$lcc1489 |    0000090B  A$lcc1489 |    0000090C  A$lcc1489
     0000090D  A$lcc1489 |    0000090E  A$lcc1489 |    00000911  A$lcc1489
     00000912  A$lcc1489 |    00000913  A$lcc1489 |    00000914  A$lcc1489
     00000914  C$ellipse |    00000917  A$lcc1489 |    00000918  A$lcc1489
     0000091B  A$lcc1489 |    0000091C  A$lcc1489 |    0000091F  A$lcc1489
     00000921  A$lcc1489 |    00000921  C$ellipse |    00000923  A$lcc1489
     00000924  A$lcc1489 |    00000925  A$lcc1489 |    00000926  A$lcc1489
     00000927  A$lcc1489 |    00000928  A$lcc1489 |    00000929  A$lcc1489
     0000092A  A$lcc1489 |    0000092B  A$lcc1489 |    0000092E  A$lcc1489
     0000092F  A$lcc1489 |    00000931  A$lcc1489 |    00000932  A$lcc1489
     00000933  A$lcc1489 |    00000934  A$lcc1489 |    00000935  A$lcc1489
     00000936  A$lcc1489 |    00000937  A$lcc1489 |    00000938  A$lcc1489
     0000093B  A$lcc1489 |    0000093C  A$lcc1489 |    0000093D  A$lcc1489
     0000093E  A$lcc1489 |    0000093E  C$ellipse |    00000940  A$lcc1489
     00000941  A$lcc1489 |    00000942  A$lcc1489 |    00000943  A$lcc1489
     00000944  A$lcc1489 |    00000945  A$lcc1489 |    00000946  A$lcc1489
     00000947  A$lcc1489 |    00000948  A$lcc1489 |    0000094B  A$lcc1489
     0000094C  A$lcc1489 |    0000094E  A$lcc1489 |    0000094F  A$lcc1489
     00000950  A$lcc1489 |    00000951  A$lcc1489 |    00000952  A$lcc1489
     00000953  A$lcc1489 |    00000954  A$lcc1489 |    00000955  A$lcc1489
     00000956  A$lcc1489 |    00000957  A$lcc1489 |    0000095A  A$lcc1489
     0000095B  A$lcc1489 |    0000095C  A$lcc1489 |    0000095D  A$lcc1489
     0000095D  C$ellipse |    00000960  A$lcc1489 |    00000961  A$lcc1489
     00000964  A$lcc1489 |    00000964  C$ellipse |    00000966  A$lcc1489
     00000967  A$lcc1489 |    00000968  A$lcc1489 |    00000969  A$lcc1489
     0000096A  A$lcc1489 |    0000096B  A$lcc1489 |    0000096C  A$lcc1489
     0000096D  A$lcc1489 |    0000096E  A$lcc1489 |    0000096F  A$lcc1489
     00000970  A$lcc1489 |    00000971  A$lcc1489 |    00000972  A$lcc1489
     00000973  A$lcc1489 |    00000974  A$lcc1489 |    00000975  A$lcc1489
     00000977  A$lcc1489 |    00000978  A$lcc1489 |    00000979  A$lcc1489
     0000097A  A$lcc1489 |    0000097B  A$lcc1489 |    0000097E  A$lcc1489
     0000097F  A$lcc1489 |    00000981  A$lcc1489 |    00000982  A$lcc1489
     00000983  A$lcc1489 |    00000984  A$lcc1489 |    00000985  A$lcc1489
     00000986  A$lcc1489 |    00000989  A$lcc1489 |    0000098B  A$lcc1489
     0000098B  C$ellipse |    0000098B  XG$Calcul |    0000098C  A$lcc1489
     0000098C  C$vector2 |    0000098C  C$vector2 |    0000098C  G$add_vec
     0000098C  _add_vect |    0000098E  A$lcc1489 |    0000098F  A$lcc1489
     00000990  A$lcc1489 |    00000991  A$lcc1489 |    00000992  A$lcc1489
     00000993  A$lcc1489 |    00000994  A$lcc1489 |    00000995  A$lcc1489
     00000996  A$lcc1489 |    00000997  A$lcc1489 |    00000998  A$lcc1489
     00000999  A$lcc1489 |    0000099A  A$lcc1489 |    0000099B  A$lcc1489
     0000099C  A$lcc1489 |    0000099C  C$vector2 |    0000099D  A$lcc1489
     0000099E  A$lcc1489 |    0000099F  A$lcc1489 |    000009A0  A$lcc1489
     000009A1  A$lcc1489 |    000009A2  A$lcc1489 |    000009A3  A$lcc1489
     000009A3  C$vector2 |    000009A3  XG$add_ve |    000009A4  G$vector_
     000009A4  _vector_f |    000009FE  A$lcc1489 |    000009FE  C$vector2
     000009FE  G$add_vec |    000009FE  _add_vect |    00000A00  A$lcc1489
     00000A00  C$vector2 |    00000A02  A$lcc1489 |    00000A03  A$lcc1489
     00000A04  A$lcc1489 |    00000A05  A$lcc1489 |    00000A06  A$lcc1489
     00000A07  A$lcc1489 |    00000A08  A$lcc1489 |    00000A0A  A$lcc1489
ASxxxx Linker V03.00 + NoICE + sdld,  page 10.
Hexadecimal  [32-Bits]

Area                       Addr        Size        Decimal Bytes (Attributes)
--------------------       ----        ----        ------- ----- ------------
_CODE                  00000200    00000B9B =        2971. bytes (REL,CON)

        Value  Global            Value  Global            Value  Global    
        -----  ------            -----  ------            -----  ------    
     00000A0B  A$lcc1489 |    00000A0C  A$lcc1489 |    00000A0D  A$lcc1489
     00000A0E  A$lcc1489 |    00000A10  A$lcc1489 |    00000A11  A$lcc1489
     00000A13  A$lcc1489 |    00000A14  A$lcc1489 |    00000A16  A$lcc1489
     00000A17  A$lcc1489 |    00000A19  A$lcc1489 |    00000A1A  A$lcc1489
     00000A1B  A$lcc1489 |    00000A1C  A$lcc1489 |    00000A1D  A$lcc1489
     00000A1E  A$lcc1489 |    00000A1F  A$lcc1489 |    00000A20  A$lcc1489
     00000A21  A$lcc1489 |    00000A22  A$lcc1489 |    00000A23  A$lcc1489
     00000A24  A$lcc1489 |    00000A25  A$lcc1489 |    00000A26  A$lcc1489
     00000A27  A$lcc1489 |    00000A28  A$lcc1489 |    00000A29  A$lcc1489
     00000A2A  A$lcc1489 |    00000A2B  A$lcc1489 |    00000A2C  A$lcc1489
     00000A2D  A$lcc1489 |    00000A2E  A$lcc1489 |    00000A2F  A$lcc1489
     00000A30  A$lcc1489 |    00000A30  C$vector2 |    00000A31  A$lcc1489
     00000A32  A$lcc1489 |    00000A34  A$lcc1489 |    00000A35  A$lcc1489
     00000A36  A$lcc1489 |    00000A37  A$lcc1489 |    00000A38  A$lcc1489
     00000A39  A$lcc1489 |    00000A3A  A$lcc1489 |    00000A3B  A$lcc1489
     00000A3C  A$lcc1489 |    00000A3D  A$lcc1489 |    00000A3E  A$lcc1489
     00000A3F  A$lcc1489 |    00000A40  A$lcc1489 |    00000A42  A$lcc1489
     00000A43  A$lcc1489 |    00000A44  A$lcc1489 |    00000A45  A$lcc1489
     00000A46  A$lcc1489 |    00000A47  A$lcc1489 |    00000A48  A$lcc1489
     00000A49  A$lcc1489 |    00000A4A  A$lcc1489 |    00000A4B  A$lcc1489
     00000A4C  A$lcc1489 |    00000A4D  A$lcc1489 |    00000A4E  A$lcc1489
     00000A50  A$lcc1489 |    00000A51  A$lcc1489 |    00000A52  A$lcc1489
     00000A53  A$lcc1489 |    00000A54  A$lcc1489 |    00000A55  A$lcc1489
     00000A56  A$lcc1489 |    00000A58  A$lcc1489 |    00000A58  C$vector2
     00000A58  XG$add_ve |    00000A59  G$TILEMAP |    00000A59  _TILEMAP 
     00000BC1  ___sdcc_h |    00000BDF  _malloc   |    00000D43  __mulsuch
     00000D4D  __mulusch |    00000D57  __mulscha |    00000D69  __mulucha
     00000D75  __mulint 
ASxxxx Linker V03.00 + NoICE + sdld,  page 11.
Hexadecimal  [32-Bits]

Area                       Addr        Size        Decimal Bytes (Attributes)
--------------------       ----        ----        ------- ----- ------------
_HEADER0               00000000    00000001 =           1. bytes (ABS,CON)

        Value  Global            Value  Global            Value  Global    
        -----  ------            -----  ------            -----  ------    
     00000020  .call_hl 
ASxxxx Linker V03.00 + NoICE + sdld,  page 12.
Hexadecimal  [32-Bits]

Area                       Addr        Size        Decimal Bytes (Attributes)
--------------------       ----        ----        ------- ----- ------------
_HEADER1               00000000    00000005 =           5. bytes (ABS,CON)

        Value  Global            Value  Global            Value  Global    
        -----  ------            -----  ------            -----  ------    
     00000028  .MemsetSm
ASxxxx Linker V03.00 + NoICE + sdld,  page 13.
Hexadecimal  [32-Bits]

Area                       Addr        Size        Decimal Bytes (Attributes)
--------------------       ----        ----        ------- ----- ------------
_HEADER2               00000000    00000007 =           7. bytes (ABS,CON)

        Value  Global            Value  Global            Value  Global    
        -----  ------            -----  ------            -----  ------    
     00000030  .MemcpySm
ASxxxx Linker V03.00 + NoICE + sdld,  page 14.
Hexadecimal  [32-Bits]

Area                       Addr        Size        Decimal Bytes (Attributes)
--------------------       ----        ----        ------- ----- ------------
_HEADER3               00000000    00000008 =           8. bytes (ABS,CON)

        Value  Global            Value  Global            Value  Global    
        -----  ------            -----  ------            -----  ------    
ASxxxx Linker V03.00 + NoICE + sdld,  page 15.
Hexadecimal  [32-Bits]

Area                       Addr        Size        Decimal Bytes (Attributes)
--------------------       ----        ----        ------- ----- ------------
_HEADER4               00000000    0000002C =          44. bytes (ABS,CON)

        Value  Global            Value  Global            Value  Global    
        -----  ------            -----  ------            -----  ------    
     00000080  .int      |    0000008F  _wait_int |    0000009C  __standar
ASxxxx Linker V03.00 + NoICE + sdld,  page 16.
Hexadecimal  [32-Bits]

Area                       Addr        Size        Decimal Bytes (Attributes)
--------------------       ----        ----        ------- ----- ------------
_HEADER5               00000000    00000002 =           2. bytes (ABS,CON)

        Value  Global            Value  Global            Value  Global    
        -----  ------            -----  ------            -----  ------    
ASxxxx Linker V03.00 + NoICE + sdld,  page 17.
Hexadecimal  [32-Bits]

Area                       Addr        Size        Decimal Bytes (Attributes)
--------------------       ----        ----        ------- ----- ------------
_HEADER6               00000000    00000030 =          48. bytes (ABS,CON)

        Value  Global            Value  Global            Value  Global    
        -----  ------            -----  ------            -----  ------    
ASxxxx Linker V03.00 + NoICE + sdld,  page 18.
Hexadecimal  [32-Bits]

Area                       Addr        Size        Decimal Bytes (Attributes)
--------------------       ----        ----        ------- ----- ------------
_HEADER7               00000000    00000006 =           6. bytes (ABS,CON)

        Value  Global            Value  Global            Value  Global    
        -----  ------            -----  ------            -----  ------    
ASxxxx Linker V03.00 + NoICE + sdld,  page 19.
Hexadecimal  [32-Bits]

Area                       Addr        Size        Decimal Bytes (Attributes)
--------------------       ----        ----        ------- ----- ------------
_HEADER8               00000000    00000003 =           3. bytes (ABS,CON)

        Value  Global            Value  Global            Value  Global    
        -----  ------            -----  ------            -----  ------    
ASxxxx Linker V03.00 + NoICE + sdld,  page 20.
Hexadecimal  [32-Bits]

Area                       Addr        Size        Decimal Bytes (Attributes)
--------------------       ----        ----        ------- ----- ------------
_HEADER9               00000000    00000001 =           1. bytes (ABS,CON)

        Value  Global            Value  Global            Value  Global    
        -----  ------            -----  ------            -----  ------    
ASxxxx Linker V03.00 + NoICE + sdld,  page 21.
Hexadecimal  [32-Bits]

Area                       Addr        Size        Decimal Bytes (Attributes)
--------------------       ----        ----        ------- ----- ------------
_HEADERa               00000000    00000001 =           1. bytes (ABS,CON)

        Value  Global            Value  Global            Value  Global    
        -----  ------            -----  ------            -----  ------    
ASxxxx Linker V03.00 + NoICE + sdld,  page 22.
Hexadecimal  [32-Bits]

Area                       Addr        Size        Decimal Bytes (Attributes)
--------------------       ----        ----        ------- ----- ------------
_HEADERb               00000000    00000001 =           1. bytes (ABS,CON)

        Value  Global            Value  Global            Value  Global    
        -----  ------            -----  ------            -----  ------    
ASxxxx Linker V03.00 + NoICE + sdld,  page 23.
Hexadecimal  [32-Bits]

Area                       Addr        Size        Decimal Bytes (Attributes)
--------------------       ----        ----        ------- ----- ------------
_HEADERc               00000000    00000002 =           2. bytes (ABS,CON)

        Value  Global            Value  Global            Value  Global    
        -----  ------            -----  ------            -----  ------    
ASxxxx Linker V03.00 + NoICE + sdld,  page 24.
Hexadecimal  [32-Bits]

Area                       Addr        Size        Decimal Bytes (Attributes)
--------------------       ----        ----        ------- ----- ------------
_HEADERd               00000000    00000001 =           1. bytes (ABS,CON)

        Value  Global            Value  Global            Value  Global    
        -----  ------            -----  ------            -----  ------    
ASxxxx Linker V03.00 + NoICE + sdld,  page 25.
Hexadecimal  [32-Bits]

Area                       Addr        Size        Decimal Bytes (Attributes)
--------------------       ----        ----        ------- ----- ------------
_HEADERe               00000000    00000001 =           1. bytes (ABS,CON)

        Value  Global            Value  Global            Value  Global    
        -----  ------            -----  ------            -----  ------    
ASxxxx Linker V03.00 + NoICE + sdld,  page 26.
Hexadecimal  [32-Bits]

Area                       Addr        Size        Decimal Bytes (Attributes)
--------------------       ----        ----        ------- ----- ------------
_HEADERf               00000000    00000002 =           2. bytes (ABS,CON)

        Value  Global            Value  Global            Value  Global    
        -----  ------            -----  ------            -----  ------    
ASxxxx Linker V03.00 + NoICE + sdld,  page 27.
Hexadecimal  [32-Bits]

Area                       Addr        Size        Decimal Bytes (Attributes)
--------------------       ----        ----        ------- ----- ------------
_HEADER10              00000000    00000083 =         131. bytes (ABS,CON)

        Value  Global            Value  Global            Value  Global    
        -----  ------            -----  ------            -----  ------    
     00000150  .reset    |    00000150  _reset    |    00000153  .code_sta
     000001B4  _exit     |    000001B8  _enable_i |    000001BA  _disable_
     000001BC  _set_inte
ASxxxx Linker V03.00 + NoICE + sdld,  page 28.
Hexadecimal  [32-Bits]

Area                       Addr        Size        Decimal Bytes (Attributes)
--------------------       ----        ----        ------- ----- ------------
_HEADER11              00000000    00000001 =           1. bytes (ABS,CON)

        Value  Global            Value  Global            Value  Global    
        -----  ------            -----  ------            -----  ------    
ASxxxx Linker V03.00 + NoICE + sdld,  page 29.
Hexadecimal  [32-Bits]

Area                       Addr        Size        Decimal Bytes (Attributes)
--------------------       ----        ----        ------- ----- ------------
_HOME                  00000D9B    0000006A =         106. bytes (REL,CON)

        Value  Global            Value  Global            Value  Global    
        -----  ------            -----  ------            -----  ------    
     00000D9B  .remove_V |    00000D9E  .remove_i |    00000DBB  .add_VBL 
     00000DBE  .add_int  |    00000DC9  .wait_vbl |    00000DC9  _wait_vbl
     00000DD8  .display_ |    00000DD8  _display_ |    00000DEF  _remove_V
     00000DFA  _add_VBL 
ASxxxx Linker V03.00 + NoICE + sdld,  page 30.
Hexadecimal  [32-Bits]

Area                       Addr        Size        Decimal Bytes (Attributes)
--------------------       ----        ----        ------- ----- ------------
_BASE                  00000E05    000000EA =         234. bytes (REL,CON)

        Value  Global            Value  Global            Value  Global    
        -----  ------            -----  ------            -----  ------    
     00000E05  ___memcpy |    00000E05  _memcpy   |    00000E48  _set_tile
     00000E4D  _set_bkg_ |    00000E4D  _set_win_ |    00000E55  _set_spri
     00000E85  _set_bkg_ |    00000E99  .set_xy_w |    00000EA2  .set_xy_b
     00000EB1  .set_xy_t
ASxxxx Linker V03.00 + NoICE + sdld,  page 31.
Hexadecimal  [32-Bits]

Area                       Addr        Size        Decimal Bytes (Attributes)
--------------------       ----        ----        ------- ----- ------------
_GSINIT                00000EEF    00000029 =          41. bytes (REL,CON)

        Value  Global            Value  Global            Value  Global    
        -----  ------            -----  ------            -----  ------    
     00000EEF  gsinit   
ASxxxx Linker V03.00 + NoICE + sdld,  page 32.
Hexadecimal  [32-Bits]

Area                       Addr        Size        Decimal Bytes (Attributes)
--------------------       ----        ----        ------- ----- ------------
_GSFINAL               00000F18    00000001 =           1. bytes (REL,CON)

        Value  Global            Value  Global            Value  Global    
        -----  ------            -----  ------            -----  ------    
ASxxxx Linker V03.00 + NoICE + sdld,  page 33.
Hexadecimal  [32-Bits]

Area                       Addr        Size        Decimal Bytes (Attributes)
--------------------       ----        ----        ------- ----- ------------
_DATA                  0000C0A0    00000018 =          24. bytes (REL,CON)

        Value  Global            Value  Global            Value  Global    
        -----  ------            -----  ------            -----  ------    
     0000C0A0  G$denomin |    0000C0A0  _denomina |    0000C0A2  G$quotien
     0000C0A2  _quotient |    0000C0A4  G$tempval |    0000C0A4  _tempvalu
     0000C0A6  G$divide_ |    0000C0A6  _divide_r |    0000C0A8  G$player$
     0000C0A8  _player   |    0000C0AC  G$kerbin$ |    0000C0AC  _kerbin  
     0000C0AF  G$result$ |    0000C0AF  _result   |    0000C0B1  G$angle$0
     0000C0B1  _angle    |    0000C0B3  G$temp$0_ |    0000C0B3  _temp    
     0000C0B5  G$i$0_0$0 |    0000C0B5  _i        |    0000C0B6  ___sdcc_h
ASxxxx Linker V03.00 + NoICE + sdld,  page 34.
Hexadecimal  [32-Bits]

Area                       Addr        Size        Decimal Bytes (Attributes)
--------------------       ----        ----        ------- ----- ------------
_BSS                   0000C0B8    00000018 =          24. bytes (REL,CON)

        Value  Global            Value  Global            Value  Global    
        -----  ------            -----  ------            -----  ------    
     0000C0B8  __cpu     |    0000C0B9  .mode     |    0000C0BA  .sys_time
     0000C0BA  _sys_time |    0000C0BC  .int_0x40
ASxxxx Linker V03.00 + NoICE + sdld,  page 35.
Hexadecimal  [32-Bits]

Area                       Addr        Size        Decimal Bytes (Attributes)
--------------------       ----        ----        ------- ----- ------------
_HEAP                  0000C0D0    000007FF =        2047. bytes (REL,CON)

        Value  Global            Value  Global            Value  Global    
        -----  ------            -----  ------            -----  ------    
     0000C0D0  ___sdcc_h
ASxxxx Linker V03.00 + NoICE + sdld,  page 36.
Hexadecimal  [32-Bits]

Area                       Addr        Size        Decimal Bytes (Attributes)
--------------------       ----        ----        ------- ----- ------------
_HRAM12                00000000    00000003 =           3. bytes (ABS,CON)

        Value  Global            Value  Global            Value  Global    
        -----  ------            -----  ------            -----  ------    
     0000FF90  __current |    0000FF92  __shadow_
ASxxxx Linker V03.00 + NoICE + sdld,  page 37.
Hexadecimal  [32-Bits]

Area                       Addr        Size        Decimal Bytes (Attributes)
--------------------       ----        ----        ------- ----- ------------
_SFR0                  00000000    00000001 =           1. bytes (ABS,CON)

        Value  Global            Value  Global            Value  Global    
        -----  ------            -----  ------            -----  ------    
     0000FF00  _P1_REG  
ASxxxx Linker V03.00 + NoICE + sdld,  page 38.
Hexadecimal  [32-Bits]

Area                       Addr        Size        Decimal Bytes (Attributes)
--------------------       ----        ----        ------- ----- ------------
_SFR1                  00000000    00000001 =           1. bytes (ABS,CON)

        Value  Global            Value  Global            Value  Global    
        -----  ------            -----  ------            -----  ------    
     0000FF01  _SB_REG  
ASxxxx Linker V03.00 + NoICE + sdld,  page 39.
Hexadecimal  [32-Bits]

Area                       Addr        Size        Decimal Bytes (Attributes)
--------------------       ----        ----        ------- ----- ------------
_SFR2                  00000000    00000001 =           1. bytes (ABS,CON)

        Value  Global            Value  Global            Value  Global    
        -----  ------            -----  ------            -----  ------    
     0000FF02  _SC_REG  
ASxxxx Linker V03.00 + NoICE + sdld,  page 40.
Hexadecimal  [32-Bits]

Area                       Addr        Size        Decimal Bytes (Attributes)
--------------------       ----        ----        ------- ----- ------------
_SFR3                  00000000    00000001 =           1. bytes (ABS,CON)

        Value  Global            Value  Global            Value  Global    
        -----  ------            -----  ------            -----  ------    
     0000FF04  _DIV_REG 
ASxxxx Linker V03.00 + NoICE + sdld,  page 41.
Hexadecimal  [32-Bits]

Area                       Addr        Size        Decimal Bytes (Attributes)
--------------------       ----        ----        ------- ----- ------------
_SFR4                  00000000    00000001 =           1. bytes (ABS,CON)

        Value  Global            Value  Global            Value  Global    
        -----  ------            -----  ------            -----  ------    
     0000FF05  _TIMA_REG
ASxxxx Linker V03.00 + NoICE + sdld,  page 42.
Hexadecimal  [32-Bits]

Area                       Addr        Size        Decimal Bytes (Attributes)
--------------------       ----        ----        ------- ----- ------------
_SFR5                  00000000    00000001 =           1. bytes (ABS,CON)

        Value  Global            Value  Global            Value  Global    
        -----  ------            -----  ------            -----  ------    
     0000FF06  _TMA_REG 
ASxxxx Linker V03.00 + NoICE + sdld,  page 43.
Hexadecimal  [32-Bits]

Area                       Addr        Size        Decimal Bytes (Attributes)
--------------------       ----        ----        ------- ----- ------------
_SFR6                  00000000    00000001 =           1. bytes (ABS,CON)

        Value  Global            Value  Global            Value  Global    
        -----  ------            -----  ------            -----  ------    
     0000FF07  _TAC_REG 
ASxxxx Linker V03.00 + NoICE + sdld,  page 44.
Hexadecimal  [32-Bits]

Area                       Addr        Size        Decimal Bytes (Attributes)
--------------------       ----        ----        ------- ----- ------------
_SFR7                  00000000    00000001 =           1. bytes (ABS,CON)

        Value  Global            Value  Global            Value  Global    
        -----  ------            -----  ------            -----  ------    
     0000FF0F  _IF_REG  
ASxxxx Linker V03.00 + NoICE + sdld,  page 45.
Hexadecimal  [32-Bits]

Area                       Addr        Size        Decimal Bytes (Attributes)
--------------------       ----        ----        ------- ----- ------------
_SFR8                  00000000    00000001 =           1. bytes (ABS,CON)

        Value  Global            Value  Global            Value  Global    
        -----  ------            -----  ------            -----  ------    
     0000FF10  _NR10_REG
ASxxxx Linker V03.00 + NoICE + sdld,  page 46.
Hexadecimal  [32-Bits]

Area                       Addr        Size        Decimal Bytes (Attributes)
--------------------       ----        ----        ------- ----- ------------
_SFR9                  00000000    00000001 =           1. bytes (ABS,CON)

        Value  Global            Value  Global            Value  Global    
        -----  ------            -----  ------            -----  ------    
     0000FF11  _NR11_REG
ASxxxx Linker V03.00 + NoICE + sdld,  page 47.
Hexadecimal  [32-Bits]

Area                       Addr        Size        Decimal Bytes (Attributes)
--------------------       ----        ----        ------- ----- ------------
_SFRa                  00000000    00000001 =           1. bytes (ABS,CON)

        Value  Global            Value  Global            Value  Global    
        -----  ------            -----  ------            -----  ------    
     0000FF12  _NR12_REG
ASxxxx Linker V03.00 + NoICE + sdld,  page 48.
Hexadecimal  [32-Bits]

Area                       Addr        Size        Decimal Bytes (Attributes)
--------------------       ----        ----        ------- ----- ------------
_SFRb                  00000000    00000001 =           1. bytes (ABS,CON)

        Value  Global            Value  Global            Value  Global    
        -----  ------            -----  ------            -----  ------    
     0000FF13  _NR13_REG
ASxxxx Linker V03.00 + NoICE + sdld,  page 49.
Hexadecimal  [32-Bits]

Area                       Addr        Size        Decimal Bytes (Attributes)
--------------------       ----        ----        ------- ----- ------------
_SFRc                  00000000    00000001 =           1. bytes (ABS,CON)

        Value  Global            Value  Global            Value  Global    
        -----  ------            -----  ------            -----  ------    
     0000FF14  _NR14_REG
ASxxxx Linker V03.00 + NoICE + sdld,  page 50.
Hexadecimal  [32-Bits]

Area                       Addr        Size        Decimal Bytes (Attributes)
--------------------       ----        ----        ------- ----- ------------
_SFRd                  00000000    00000001 =           1. bytes (ABS,CON)

        Value  Global            Value  Global            Value  Global    
        -----  ------            -----  ------            -----  ------    
     0000FF16  _NR21_REG
ASxxxx Linker V03.00 + NoICE + sdld,  page 51.
Hexadecimal  [32-Bits]

Area                       Addr        Size        Decimal Bytes (Attributes)
--------------------       ----        ----        ------- ----- ------------
_SFRe                  00000000    00000001 =           1. bytes (ABS,CON)

        Value  Global            Value  Global            Value  Global    
        -----  ------            -----  ------            -----  ------    
     0000FF17  _NR22_REG
ASxxxx Linker V03.00 + NoICE + sdld,  page 52.
Hexadecimal  [32-Bits]

Area                       Addr        Size        Decimal Bytes (Attributes)
--------------------       ----        ----        ------- ----- ------------
_SFRf                  00000000    00000001 =           1. bytes (ABS,CON)

        Value  Global            Value  Global            Value  Global    
        -----  ------            -----  ------            -----  ------    
     0000FF18  _NR23_REG
ASxxxx Linker V03.00 + NoICE + sdld,  page 53.
Hexadecimal  [32-Bits]

Area                       Addr        Size        Decimal Bytes (Attributes)
--------------------       ----        ----        ------- ----- ------------
_SFR10                 00000000    00000001 =           1. bytes (ABS,CON)

        Value  Global            Value  Global            Value  Global    
        -----  ------            -----  ------            -----  ------    
     0000FF19  _NR24_REG
ASxxxx Linker V03.00 + NoICE + sdld,  page 54.
Hexadecimal  [32-Bits]

Area                       Addr        Size        Decimal Bytes (Attributes)
--------------------       ----        ----        ------- ----- ------------
_SFR11                 00000000    00000001 =           1. bytes (ABS,CON)

        Value  Global            Value  Global            Value  Global    
        -----  ------            -----  ------            -----  ------    
     0000FF1A  _NR30_REG
ASxxxx Linker V03.00 + NoICE + sdld,  page 55.
Hexadecimal  [32-Bits]

Area                       Addr        Size        Decimal Bytes (Attributes)
--------------------       ----        ----        ------- ----- ------------
_SFR12                 00000000    00000001 =           1. bytes (ABS,CON)

        Value  Global            Value  Global            Value  Global    
        -----  ------            -----  ------            -----  ------    
     0000FF1B  _NR31_REG
ASxxxx Linker V03.00 + NoICE + sdld,  page 56.
Hexadecimal  [32-Bits]

Area                       Addr        Size        Decimal Bytes (Attributes)
--------------------       ----        ----        ------- ----- ------------
_SFR13                 00000000    00000001 =           1. bytes (ABS,CON)

        Value  Global            Value  Global            Value  Global    
        -----  ------            -----  ------            -----  ------    
     0000FF1C  _NR32_REG
ASxxxx Linker V03.00 + NoICE + sdld,  page 57.
Hexadecimal  [32-Bits]

Area                       Addr        Size        Decimal Bytes (Attributes)
--------------------       ----        ----        ------- ----- ------------
_SFR14                 00000000    00000001 =           1. bytes (ABS,CON)

        Value  Global            Value  Global            Value  Global    
        -----  ------            -----  ------            -----  ------    
     0000FF1D  _NR33_REG
ASxxxx Linker V03.00 + NoICE + sdld,  page 58.
Hexadecimal  [32-Bits]

Area                       Addr        Size        Decimal Bytes (Attributes)
--------------------       ----        ----        ------- ----- ------------
_SFR15                 00000000    00000001 =           1. bytes (ABS,CON)

        Value  Global            Value  Global            Value  Global    
        -----  ------            -----  ------            -----  ------    
     0000FF1E  _NR34_REG
ASxxxx Linker V03.00 + NoICE + sdld,  page 59.
Hexadecimal  [32-Bits]

Area                       Addr        Size        Decimal Bytes (Attributes)
--------------------       ----        ----        ------- ----- ------------
_SFR16                 00000000    00000001 =           1. bytes (ABS,CON)

        Value  Global            Value  Global            Value  Global    
        -----  ------            -----  ------            -----  ------    
     0000FF20  _NR41_REG
ASxxxx Linker V03.00 + NoICE + sdld,  page 60.
Hexadecimal  [32-Bits]

Area                       Addr        Size        Decimal Bytes (Attributes)
--------------------       ----        ----        ------- ----- ------------
_SFR17                 00000000    00000001 =           1. bytes (ABS,CON)

        Value  Global            Value  Global            Value  Global    
        -----  ------            -----  ------            -----  ------    
     0000FF21  _NR42_REG
ASxxxx Linker V03.00 + NoICE + sdld,  page 61.
Hexadecimal  [32-Bits]

Area                       Addr        Size        Decimal Bytes (Attributes)
--------------------       ----        ----        ------- ----- ------------
_SFR18                 00000000    00000001 =           1. bytes (ABS,CON)

        Value  Global            Value  Global            Value  Global    
        -----  ------            -----  ------            -----  ------    
     0000FF22  _NR43_REG
ASxxxx Linker V03.00 + NoICE + sdld,  page 62.
Hexadecimal  [32-Bits]

Area                       Addr        Size        Decimal Bytes (Attributes)
--------------------       ----        ----        ------- ----- ------------
_SFR19                 00000000    00000001 =           1. bytes (ABS,CON)

        Value  Global            Value  Global            Value  Global    
        -----  ------            -----  ------            -----  ------    
     0000FF23  _NR44_REG
ASxxxx Linker V03.00 + NoICE + sdld,  page 63.
Hexadecimal  [32-Bits]

Area                       Addr        Size        Decimal Bytes (Attributes)
--------------------       ----        ----        ------- ----- ------------
_SFR1a                 00000000    00000001 =           1. bytes (ABS,CON)

        Value  Global            Value  Global            Value  Global    
        -----  ------            -----  ------            -----  ------    
     0000FF24  _NR50_REG
ASxxxx Linker V03.00 + NoICE + sdld,  page 64.
Hexadecimal  [32-Bits]

Area                       Addr        Size        Decimal Bytes (Attributes)
--------------------       ----        ----        ------- ----- ------------
_SFR1b                 00000000    00000001 =           1. bytes (ABS,CON)

        Value  Global            Value  Global            Value  Global    
        -----  ------            -----  ------            -----  ------    
     0000FF25  _NR51_REG
ASxxxx Linker V03.00 + NoICE + sdld,  page 65.
Hexadecimal  [32-Bits]

Area                       Addr        Size        Decimal Bytes (Attributes)
--------------------       ----        ----        ------- ----- ------------
_SFR1c                 00000000    00000001 =           1. bytes (ABS,CON)

        Value  Global            Value  Global            Value  Global    
        -----  ------            -----  ------            -----  ------    
     0000FF26  _NR52_REG
ASxxxx Linker V03.00 + NoICE + sdld,  page 66.
Hexadecimal  [32-Bits]

Area                       Addr        Size        Decimal Bytes (Attributes)
--------------------       ----        ----        ------- ----- ------------
_SFR1d                 00000000    00000001 =           1. bytes (ABS,CON)

        Value  Global            Value  Global            Value  Global    
        -----  ------            -----  ------            -----  ------    
     0000FF40  _LCDC_REG
ASxxxx Linker V03.00 + NoICE + sdld,  page 67.
Hexadecimal  [32-Bits]

Area                       Addr        Size        Decimal Bytes (Attributes)
--------------------       ----        ----        ------- ----- ------------
_SFR1e                 00000000    00000001 =           1. bytes (ABS,CON)

        Value  Global            Value  Global            Value  Global    
        -----  ------            -----  ------            -----  ------    
     0000FF41  _STAT_REG
ASxxxx Linker V03.00 + NoICE + sdld,  page 68.
Hexadecimal  [32-Bits]

Area                       Addr        Size        Decimal Bytes (Attributes)
--------------------       ----        ----        ------- ----- ------------
_SFR1f                 00000000    00000001 =           1. bytes (ABS,CON)

        Value  Global            Value  Global            Value  Global    
        -----  ------            -----  ------            -----  ------    
     0000FF42  _SCY_REG 
ASxxxx Linker V03.00 + NoICE + sdld,  page 69.
Hexadecimal  [32-Bits]

Area                       Addr        Size        Decimal Bytes (Attributes)
--------------------       ----        ----        ------- ----- ------------
_SFR20                 00000000    00000001 =           1. bytes (ABS,CON)

        Value  Global            Value  Global            Value  Global    
        -----  ------            -----  ------            -----  ------    
     0000FF43  _SCX_REG 
ASxxxx Linker V03.00 + NoICE + sdld,  page 70.
Hexadecimal  [32-Bits]

Area                       Addr        Size        Decimal Bytes (Attributes)
--------------------       ----        ----        ------- ----- ------------
_SFR21                 00000000    00000001 =           1. bytes (ABS,CON)

        Value  Global            Value  Global            Value  Global    
        -----  ------            -----  ------            -----  ------    
     0000FF44  _LY_REG  
ASxxxx Linker V03.00 + NoICE + sdld,  page 71.
Hexadecimal  [32-Bits]

Area                       Addr        Size        Decimal Bytes (Attributes)
--------------------       ----        ----        ------- ----- ------------
_SFR22                 00000000    00000001 =           1. bytes (ABS,CON)

        Value  Global            Value  Global            Value  Global    
        -----  ------            -----  ------            -----  ------    
     0000FF45  _LYC_REG 
ASxxxx Linker V03.00 + NoICE + sdld,  page 72.
Hexadecimal  [32-Bits]

Area                       Addr        Size        Decimal Bytes (Attributes)
--------------------       ----        ----        ------- ----- ------------
_SFR23                 00000000    00000001 =           1. bytes (ABS,CON)

        Value  Global            Value  Global            Value  Global    
        -----  ------            -----  ------            -----  ------    
     0000FF46  _DMA_REG 
ASxxxx Linker V03.00 + NoICE + sdld,  page 73.
Hexadecimal  [32-Bits]

Area                       Addr        Size        Decimal Bytes (Attributes)
--------------------       ----        ----        ------- ----- ------------
_SFR24                 00000000    00000001 =           1. bytes (ABS,CON)

        Value  Global            Value  Global            Value  Global    
        -----  ------            -----  ------            -----  ------    
     0000FF47  _BGP_REG 
ASxxxx Linker V03.00 + NoICE + sdld,  page 74.
Hexadecimal  [32-Bits]

Area                       Addr        Size        Decimal Bytes (Attributes)
--------------------       ----        ----        ------- ----- ------------
_SFR25                 00000000    00000001 =           1. bytes (ABS,CON)

        Value  Global            Value  Global            Value  Global    
        -----  ------            -----  ------            -----  ------    
     0000FF48  _OBP0_REG
ASxxxx Linker V03.00 + NoICE + sdld,  page 75.
Hexadecimal  [32-Bits]

Area                       Addr        Size        Decimal Bytes (Attributes)
--------------------       ----        ----        ------- ----- ------------
_SFR26                 00000000    00000001 =           1. bytes (ABS,CON)

        Value  Global            Value  Global            Value  Global    
        -----  ------            -----  ------            -----  ------    
     0000FF49  _OBP1_REG
ASxxxx Linker V03.00 + NoICE + sdld,  page 76.
Hexadecimal  [32-Bits]

Area                       Addr        Size        Decimal Bytes (Attributes)
--------------------       ----        ----        ------- ----- ------------
_SFR27                 00000000    00000001 =           1. bytes (ABS,CON)

        Value  Global            Value  Global            Value  Global    
        -----  ------            -----  ------            -----  ------    
     0000FF4A  _WY_REG  
ASxxxx Linker V03.00 + NoICE + sdld,  page 77.
Hexadecimal  [32-Bits]

Area                       Addr        Size        Decimal Bytes (Attributes)
--------------------       ----        ----        ------- ----- ------------
_SFR28                 00000000    00000001 =           1. bytes (ABS,CON)

        Value  Global            Value  Global            Value  Global    
        -----  ------            -----  ------            -----  ------    
     0000FF4B  _WX_REG  
ASxxxx Linker V03.00 + NoICE + sdld,  page 78.
Hexadecimal  [32-Bits]

Area                       Addr        Size        Decimal Bytes (Attributes)
--------------------       ----        ----        ------- ----- ------------
_SFR29                 00000000    00000001 =           1. bytes (ABS,CON)

        Value  Global            Value  Global            Value  Global    
        -----  ------            -----  ------            -----  ------    
     0000FF4D  _KEY1_REG
ASxxxx Linker V03.00 + NoICE + sdld,  page 79.
Hexadecimal  [32-Bits]

Area                       Addr        Size        Decimal Bytes (Attributes)
--------------------       ----        ----        ------- ----- ------------
_SFR2a                 00000000    00000001 =           1. bytes (ABS,CON)

        Value  Global            Value  Global            Value  Global    
        -----  ------            -----  ------            -----  ------    
     0000FF4F  _VBK_REG 
ASxxxx Linker V03.00 + NoICE + sdld,  page 80.
Hexadecimal  [32-Bits]

Area                       Addr        Size        Decimal Bytes (Attributes)
--------------------       ----        ----        ------- ----- ------------
_SFR2b                 00000000    00000001 =           1. bytes (ABS,CON)

        Value  Global            Value  Global            Value  Global    
        -----  ------            -----  ------            -----  ------    
     0000FF51  _HDMA1_RE
ASxxxx Linker V03.00 + NoICE + sdld,  page 81.
Hexadecimal  [32-Bits]

Area                       Addr        Size        Decimal Bytes (Attributes)
--------------------       ----        ----        ------- ----- ------------
_SFR2c                 00000000    00000001 =           1. bytes (ABS,CON)

        Value  Global            Value  Global            Value  Global    
        -----  ------            -----  ------            -----  ------    
     0000FF52  _HDMA2_RE
ASxxxx Linker V03.00 + NoICE + sdld,  page 82.
Hexadecimal  [32-Bits]

Area                       Addr        Size        Decimal Bytes (Attributes)
--------------------       ----        ----        ------- ----- ------------
_SFR2d                 00000000    00000001 =           1. bytes (ABS,CON)

        Value  Global            Value  Global            Value  Global    
        -----  ------            -----  ------            -----  ------    
     0000FF53  _HDMA3_RE
ASxxxx Linker V03.00 + NoICE + sdld,  page 83.
Hexadecimal  [32-Bits]

Area                       Addr        Size        Decimal Bytes (Attributes)
--------------------       ----        ----        ------- ----- ------------
_SFR2e                 00000000    00000001 =           1. bytes (ABS,CON)

        Value  Global            Value  Global            Value  Global    
        -----  ------            -----  ------            -----  ------    
     0000FF54  _HDMA4_RE
ASxxxx Linker V03.00 + NoICE + sdld,  page 84.
Hexadecimal  [32-Bits]

Area                       Addr        Size        Decimal Bytes (Attributes)
--------------------       ----        ----        ------- ----- ------------
_SFR2f                 00000000    00000001 =           1. bytes (ABS,CON)

        Value  Global            Value  Global            Value  Global    
        -----  ------            -----  ------            -----  ------    
     0000FF55  _HDMA5_RE
ASxxxx Linker V03.00 + NoICE + sdld,  page 85.
Hexadecimal  [32-Bits]

Area                       Addr        Size        Decimal Bytes (Attributes)
--------------------       ----        ----        ------- ----- ------------
_SFR30                 00000000    00000001 =           1. bytes (ABS,CON)

        Value  Global            Value  Global            Value  Global    
        -----  ------            -----  ------            -----  ------    
     0000FF56  _RP_REG  
ASxxxx Linker V03.00 + NoICE + sdld,  page 86.
Hexadecimal  [32-Bits]

Area                       Addr        Size        Decimal Bytes (Attributes)
--------------------       ----        ----        ------- ----- ------------
_SFR31                 00000000    00000001 =           1. bytes (ABS,CON)

        Value  Global            Value  Global            Value  Global    
        -----  ------            -----  ------            -----  ------    
     0000FF68  _BCPS_REG
ASxxxx Linker V03.00 + NoICE + sdld,  page 87.
Hexadecimal  [32-Bits]

Area                       Addr        Size        Decimal Bytes (Attributes)
--------------------       ----        ----        ------- ----- ------------
_SFR32                 00000000    00000001 =           1. bytes (ABS,CON)

        Value  Global            Value  Global            Value  Global    
        -----  ------            -----  ------            -----  ------    
     0000FF69  _BCPD_REG
ASxxxx Linker V03.00 + NoICE + sdld,  page 88.
Hexadecimal  [32-Bits]

Area                       Addr        Size        Decimal Bytes (Attributes)
--------------------       ----        ----        ------- ----- ------------
_SFR33                 00000000    00000001 =           1. bytes (ABS,CON)

        Value  Global            Value  Global            Value  Global    
        -----  ------            -----  ------            -----  ------    
     0000FF6A  _OCPS_REG
ASxxxx Linker V03.00 + NoICE + sdld,  page 89.
Hexadecimal  [32-Bits]

Area                       Addr        Size        Decimal Bytes (Attributes)
--------------------       ----        ----        ------- ----- ------------
_SFR34                 00000000    00000001 =           1. bytes (ABS,CON)

        Value  Global            Value  Global            Value  Global    
        -----  ------            -----  ------            -----  ------    
     0000FF6B  _OCPD_REG
ASxxxx Linker V03.00 + NoICE + sdld,  page 90.
Hexadecimal  [32-Bits]

Area                       Addr        Size        Decimal Bytes (Attributes)
--------------------       ----        ----        ------- ----- ------------
_SFR35                 00000000    00000001 =           1. bytes (ABS,CON)

        Value  Global            Value  Global            Value  Global    
        -----  ------            -----  ------            -----  ------    
     0000FF70  _SVBK_REG
ASxxxx Linker V03.00 + NoICE + sdld,  page 91.
Hexadecimal  [32-Bits]

Area                       Addr        Size        Decimal Bytes (Attributes)
--------------------       ----        ----        ------- ----- ------------
_SFR36                 00000000    00000001 =           1. bytes (ABS,CON)

        Value  Global            Value  Global            Value  Global    
        -----  ------            -----  ------            -----  ------    
     0000FFFF  _IE_REG  
ASxxxx Linker V03.00 + NoICE + sdld,  page 92.
Hexadecimal  [32-Bits]

Area                       Addr        Size        Decimal Bytes (Attributes)
--------------------       ----        ----        ------- ----- ------------
_HEAP_END              0000C8CF    00000001 =           1. bytes (REL,CON)

        Value  Global            Value  Global            Value  Global    
        -----  ------            -----  ------            -----  ------    
     0000C8CF  ___sdcc_h
ASxxxx Linker V03.00 + NoICE + sdld,  page 93.

Files Linked                              [ module(s) ]

/opt/gbdk/lib/small/asxxxx/gb/crt0.o      [ Runtime ]
/tmp/lcc148930.o                          [ orbit ]
/tmp/lcc148931.o                          [ math ]
/tmp/lcc148932.o                          [ main ]
/tmp/lcc148933.o                          [ tileset ]
/tmp/lcc148934.o                          [ ellipse ]
/tmp/lcc148935.o                          [ vector2d ]
/tmp/lcc148936.o                          [ tilemap ]


Libraries Linked                          [ object file ]

/opt/gbdk/lib/small/asxxxx/gbz80/gbz80.lib
                                          [ malloc.o ]
/opt/gbdk/lib/small/asxxxx/gbz80/gbz80.lib
                                          [ mul.o ]
/opt/gbdk/lib/small/asxxxx/gbz80/gbz80.lib
                                          [ _memcpy.o ]
/opt/gbdk/lib/small/asxxxx/gb/gb.lib      [ sfr.o ]
/opt/gbdk/lib/small/asxxxx/gb/gb.lib      [ heap.o ]
/opt/gbdk/lib/small/asxxxx/gb/gb.lib      [ set_data.o ]
/opt/gbdk/lib/small/asxxxx/gb/gb.lib      [ set_bk_t.o ]
/opt/gbdk/lib/small/asxxxx/gb/gb.lib      [ set_xy_t.o ]

ASxxxx Linker V03.00 + NoICE + sdld,  page 94.

User Base Address Definitions

_DATA=0xc0a0
_CODE=0x0200
ASxxxx Linker V03.00 + NoICE + sdld,  page 95.

User Global Definitions

_shadow_OAM=0xC000
.STACK=0xE000
.refresh_OAM=0xFF80

